******************************************************************************
                  TI ARM Linker PC v18.12.2                    
******************************************************************************
>> Linked Thu Nov 21 10:20:41 2019

OUTPUT FILE NAME:   <final.out>
ENTRY POINT SYMBOL: "_c_int00_noargs"  address: 00002ce1


MEMORY CONFIGURATION

         name            origin    length      used     unused   attr    fill
----------------------  --------  ---------  --------  --------  ----  --------
  FLASH                 00000000   00040000  000031aa  0003ce56  R  X
  SRAM                  20000000   00008000  00000794  0000786c  RW X


SEGMENT ALLOCATION MAP

run origin  load origin   length   init length attrs members
----------  ----------- ---------- ----------- ----- -------
00000000    00000000    000031b0   000031b0    r-x
  00000000    00000000    0000026c   0000026c    r-- .intvecs
  0000026c    0000026c    00002cee   00002cee    r-x .text
  00002f5c    00002f5c    00000200   00000200    r-- .const
  00003160    00003160    00000050   00000050    r-- .cinit
20000000    20000000    00000798   00000000    rw-
  20000000    20000000    0000026c   00000000    rw- .vtable
  20000270    20000270    00000400   00000000    rw- .stack
  20000670    20000670    00000108   00000000    rw- .bss
  20000778    20000778    00000020   00000000    rw- .data


SECTION ALLOCATION MAP

 output                                  attributes/
section   page    origin      length       input sections
--------  ----  ----------  ----------   ----------------
.intvecs   0    00000000    0000026c     
                  00000000    0000026c     tm4c123gh6pm_startup_ccs.obj (.intvecs)

.text      0    0000026c    00002cee     
                  0000026c    00000a4e     rtsv7M4_T_le_v4SPD16_eabi.lib : _printfi.c.obj (.text:__TI_printfi)
                  00000cba    00000002                                   : div0.asm.obj (.text)
                  00000cbc    000003d0     Util.lib : launchpad.obj (.text)
                  0000108c    00000270     rtsv7M4_T_le_v4SPD16_eabi.lib : _printfi.c.obj (.text:_pconv_a)
                  000012fc    000001fc     seg7(3).obj (.text)
                  000014f8    000001d0     rtsv7M4_T_le_v4SPD16_eabi.lib : _printfi.c.obj (.text:_pconv_g)
                  000016c8    000001b6                                   : fd_add_t2.asm.obj (.text)
                  0000187e    00000002     --HOLE-- [fill = 0]
                  00001880    0000013c                                   : _printfi.c.obj (.text:_pconv_e)
                  000019bc    00000136                                   : fd_div_t2.asm.obj (.text)
                  00001af2    00000132     driverlib.lib : gpio.obj (.text:GPIOPadConfigSet)
                  00001c24    00000124     rtsv7M4_T_le_v4SPD16_eabi.lib : _printfi.c.obj (.text:fcvt)
                  00001d48    00000110     driverlib.lib : sysctl.obj (.text:SysCtlClockGet)
                  00001e58    00000110     rtsv7M4_T_le_v4SPD16_eabi.lib : s_scalbn.c.obj (.text:scalbn)
                  00001f68    00000104     main(5).obj (.text)
                  0000206c    000000fc     rtsv7M4_T_le_v4SPD16_eabi.lib : fd_mul_t2.asm.obj (.text)
                  00002168    000000f4     driverlib.lib : sysctl.obj (.text:SysCtlClockSet)
                  0000225c    000000c4     Util.lib : uart.obj (.text)
                  00002320    000000b1     rtsv7M4_T_le_v4SPD16_eabi.lib : _printfi.c.obj (.text:_ltostr)
                  000023d1    00000003     --HOLE-- [fill = 0]
                  000023d4    0000009c     Util.lib : led.obj (.text)
                  00002470    0000009c     rtsv7M4_T_le_v4SPD16_eabi.lib : memcpy_t2.asm.obj (.text)
                  0000250c    00000096                                   : ull_div_t2.asm.obj (.text)
                  000025a2    00000002     --HOLE-- [fill = 0]
                  000025a4    0000008c     Util.lib : pushbutton.obj (.text)
                  00002630    00000086     rtsv7M4_T_le_v4SPD16_eabi.lib : fd_cmp_t2.asm.obj (.text:__aeabi_cdcmple)
                  000026b6    00000086                                   : fd_cmp_t2.asm.obj (.text:__aeabi_cdrcmple)
                  0000273c    0000007a                                   : memset_t2.asm.obj (.text)
                  000027b6    0000006e                                   : _printfi.c.obj (.text:_mcpy)
                  00002824    00000068                                   : copy_decompress_lzss.c.obj (.text:decompress:lzss:__TI_decompress_lzss)
                  0000288c    00000064                                   : s_frexp.c.obj (.text:frexp)
                  000028f0    00000056                                   : _printfi.c.obj (.text:_pconv_f)
                  00002946    00000054                                   : ltoa.c.obj (.text:ltoa)
                  0000299a    00000002     --HOLE-- [fill = 0]
                  0000299c    00000054     sig7digit(1).obj (.text)
                  000029f0    00000052     rtsv7M4_T_le_v4SPD16_eabi.lib : _printfi.c.obj (.text:_ecpy)
                  00002a42    00000002     --HOLE-- [fill = 0]
                  00002a44    0000004c                                   : atoi.c.obj (.text:atoi)
                  00002a90    0000004a     sw-increment(1).obj (.text)
                  00002ada    00000002     --HOLE-- [fill = 0]
                  00002adc    00000048     driverlib.lib : gpio.obj (.text:GPIOPinConfigure)
                  00002b24    00000048     rtsv7M4_T_le_v4SPD16_eabi.lib : fd_toi_t2.asm.obj (.text)
                  00002b6c    00000046     driverlib.lib : uart.obj (.text:UARTConfigSetExpClk)
                  00002bb2    00000002     --HOLE-- [fill = 0]
                  00002bb4    00000044     rtsv7M4_T_le_v4SPD16_eabi.lib : autoinit.c.obj (.text:__TI_auto_init_nobinit_nopinit:__TI_auto_init_nobinit_nopinit)
                  00002bf8    00000040                                   : vsnprintf.c.obj (.text:vsnprintf)
                  00002c38    0000003e                                   : _printfi.c.obj (.text:_fcpy)
                  00002c76    00000002     --HOLE-- [fill = 0]
                  00002c78    00000034     driverlib.lib : interrupt.obj (.text:IntRegister)
                  00002cac    00000034                   : sysctl.obj (.text:SysCtlPeripheralEnable)
                  00002ce0    00000034     rtsv7M4_T_le_v4SPD16_eabi.lib : boot_cortex_m.c.obj (.text:_c_int00_noargs:_c_int00_noargs)
                  00002d14    00000030                                   : vsnprintf.c.obj (.text:_outs)
                  00002d44    0000002e                                   : i_tofd_t2.asm.obj (.text)
                  00002d72    0000002a     driverlib.lib : gpio.obj (.text:GPIODirModeSet)
                  00002d9c    00000020                   : uart.obj (.text:UARTDisable)
                  00002dbc    0000001c                   : systick.obj (.text:SysTickIntRegister)
                  00002dd8    0000001c     rtsv7M4_T_le_v4SPD16_eabi.lib : copy_zero_init.c.obj (.text:decompress:ZI:__TI_zero_init_nomemset:__TI_zero_init_nomemset)
                  00002df4    0000001c                                   : memccpy.c.obj (.text:memccpy)
                  00002e10    0000001a                                   : s_copysign.c.obj (.text:copysign)
                  00002e2a    00000018     driverlib.lib : gpio.obj (.text:GPIOPinTypeGPIOOutput)
                  00002e42    00000018     rtsv7M4_T_le_v4SPD16_eabi.lib : vsnprintf.c.obj (.text:_outc)
                  00002e5a    00000016                                   : strchr.c.obj (.text:strchr)
                  00002e70    00000014     driverlib.lib : systick.obj (.text:SysTickEnable)
                  00002e84    00000014                   : systick.obj (.text:SysTickIntEnable)
                  00002e98    00000014                   : uart.obj (.text:UARTEnable)
                  00002eac    00000014     rtsv7M4_T_le_v4SPD16_eabi.lib : strlen.c.obj (.text:strlen)
                  00002ec0    00000012     driverlib.lib : gpio.obj (.text:GPIOPinTypeGPIOInput)
                  00002ed2    00000012                   : gpio.obj (.text:GPIOPinTypeUART)
                  00002ee4    00000012     rtsv7M4_T_le_v4SPD16_eabi.lib : wcslen.c.obj (.text:wcslen)
                  00002ef6    00000002     --HOLE-- [fill = 0]
                  00002ef8    00000010     driverlib.lib : systick.obj (.text:SysTickPeriodSet)
                  00002f08    0000000e     rtsv7M4_T_le_v4SPD16_eabi.lib : copy_decompress_none.c.obj (.text:decompress:none:__TI_decompress_none)
                  00002f16    0000000c     tm4c123gh6pm_startup_ccs.obj (.text)
                  00002f22    0000000a     driverlib.lib : uart.obj (.text:UARTCharGet)
                  00002f2c    0000000a                   : uart.obj (.text:UARTCharPut)
                  00002f36    00000002     --HOLE-- [fill = 0]
                  00002f38    00000008     rtsv7M4_T_le_v4SPD16_eabi.lib : errno.c.obj (.text:__aeabi_errno_addr)
                  00002f40    00000006     driverlib.lib : gpio.obj (.text:GPIOPinRead)
                  00002f46    00000006                   : gpio.obj (.text:GPIOPinWrite)
                  00002f4c    00000006                   : sysctl.obj (.text:SysCtlDelay)
                  00002f52    00000004     rtsv7M4_T_le_v4SPD16_eabi.lib : pre_init.c.obj (.text:_system_pre_init)
                  00002f56    00000004                                   : exit.c.obj (.text:abort:abort)

.const     0    00002f5c    00000200     
                  00002f5c    00000101     rtsv7M4_T_le_v4SPD16_eabi.lib : ctype.c.obj (.const:.string:_ctypes_)
                  0000305d    00000003     --HOLE-- [fill = 0]
                  00003060    00000090     driverlib.lib : gpio.obj (.const:g_pui32GPIOBaseAddrs)
                  000030f0    0000006c                   : sysctl.obj (.const:g_pui32Xtals)

.cinit     0    00003160    00000050     
                  00003160    00000016     (.cinit..data.load) [load image, compression = lzss]
                  00003176    00000002     --HOLE-- [fill = 0]
                  00003178    0000000c     (__TI_handler_table)
                  00003184    00000004     --HOLE-- [fill = 0]
                  00003188    00000008     (.cinit..bss.load) [load image, compression = zero_init]
                  00003190    00000008     (.cinit..vtable.load) [load image, compression = zero_init]
                  00003198    00000018     (__TI_cinit_table)

.init_array 
*          0    00000000    00000000     UNINITIALIZED

.vtable    0    20000000    0000026c     UNINITIALIZED
                  20000000    0000026c     driverlib.lib : interrupt.obj (.vtable)

.bss       0    20000670    00000108     UNINITIALIZED
                  20000670    00000100     Util.lib : launchpad.obj (.bss:callbackHeap)
                  20000770    00000004              : launchpad.obj (.bss)
                  20000774    00000004     sig7digit(1).obj (.bss)

.data      0    20000778    00000020     UNINITIALIZED
                  20000778    0000000a     sig7digit(1).obj (.data)
                  20000782    00000001     Util.lib : led.obj (.data)
                  20000783    00000001              : pushbutton.obj (.data)
                  20000784    00000008              : launchpad.obj (.data)
                  2000078c    00000005     main(5).obj (.data:seg7Display)
                  20000791    00000001     main(5).obj (.data)
                  20000792    00000002     --HOLE--
                  20000794    00000004     rtsv7M4_T_le_v4SPD16_eabi.lib : errno.c.obj (.data)

.stack     0    20000270    00000400     UNINITIALIZED
                  20000270    00000004     rtsv7M4_T_le_v4SPD16_eabi.lib : boot_cortex_m.c.obj (.stack)
                  20000274    000003fc     --HOLE--

MODULE SUMMARY

       Module                         code    ro data   rw data
       ------                         ----    -------   -------
    .\
       tm4c123gh6pm_startup_ccs.obj   12      620       0      
       seg7(3).obj                    508     0         0      
       main(5).obj                    260     0         6      
       sig7digit(1).obj               84      0         14     
       sw-increment(1).obj            74      0         0      
    +--+------------------------------+-------+---------+---------+
       Total:                         938     620       20     
                                                               
    C:/Users/Nathanael Bhooshi/Documents/GitHub/LabGroupE7/Util/Debug/Util.lib
       launchpad.obj                  976     0         268    
       uart.obj                       196     0         0      
       led.obj                        156     0         1      
       pushbutton.obj                 140     0         1      
    +--+------------------------------+-------+---------+---------+
       Total:                         1468    0         270    
                                                               
    C:/ti/TivaWare_C_Series-2.1.4.178/driverlib/ccs/Debug/driverlib.lib
       sysctl.obj                     574     108       0      
       interrupt.obj                  52      0         620    
       gpio.obj                       492     144       0      
       uart.obj                       142     0         0      
       systick.obj                    84      0         0      
    +--+------------------------------+-------+---------+---------+
       Total:                         1344    252       620    
                                                               
    C:\ti\ccs910\ccs\tools\compiler\ti-cgt-arm_18.12.2.LTS\lib\rtsv7M4_T_le_v4SPD16_eabi.lib
       _printfi.c.obj                 4851    0         0      
       fd_add_t2.asm.obj              438     0         0      
       fd_div_t2.asm.obj              310     0         0      
       s_scalbn.c.obj                 272     0         0      
       fd_cmp_t2.asm.obj              268     0         0      
       ctype.c.obj                    0       257       0      
       fd_mul_t2.asm.obj              252     0         0      
       memcpy_t2.asm.obj              156     0         0      
       ull_div_t2.asm.obj             150     0         0      
       vsnprintf.c.obj                136     0         0      
       memset_t2.asm.obj              122     0         0      
       copy_decompress_lzss.c.obj     104     0         0      
       s_frexp.c.obj                  100     0         0      
       ltoa.c.obj                     84      0         0      
       atoi.c.obj                     76      0         0      
       fd_toi_t2.asm.obj              72      0         0      
       autoinit.c.obj                 68      0         0      
       boot_cortex_m.c.obj            52      0         0      
       i_tofd_t2.asm.obj              46      0         0      
       copy_zero_init.c.obj           28      0         0      
       memccpy.c.obj                  28      0         0      
       s_copysign.c.obj               26      0         0      
       strchr.c.obj                   22      0         0      
       strlen.c.obj                   20      0         0      
       wcslen.c.obj                   18      0         0      
       copy_decompress_none.c.obj     14      0         0      
       errno.c.obj                    8       0         4      
       exit.c.obj                     4       0         0      
       pre_init.c.obj                 4       0         0      
       div0.asm.obj                   2       0         0      
    +--+------------------------------+-------+---------+---------+
       Total:                         7731    257       4      
                                                               
       Stack:                         0       0         1024   
       Linker Generated:              0       74        0      
    +--+------------------------------+-------+---------+---------+
       Grand Total:                   11481   1203      1938   


LINKER GENERATED COPY TABLES

__TI_cinit_table @ 00003198 records: 3, size/record: 8, table size: 24
	.data: load addr=00003160, load size=00000016 bytes, run addr=20000778, run size=00000020 bytes, compression=lzss
	.bss: load addr=00003188, load size=00000008 bytes, run addr=20000670, run size=00000108 bytes, compression=zero_init
	.vtable: load addr=00003190, load size=00000008 bytes, run addr=20000000, run size=0000026c bytes, compression=zero_init


LINKER GENERATED HANDLER TABLE

__TI_handler_table @ 00003178 records: 3, size/record: 4, table size: 12
	index: 0, handler: __TI_zero_init
	index: 1, handler: __TI_decompress_lzss
	index: 2, handler: __TI_decompress_none


GLOBAL SYMBOLS: SORTED ALPHABETICALLY BY Name 

address   name                          
-------   ----                          
00002f57  C$$EXIT                       
00002d73  GPIODirModeSet                
00001af3  GPIOPadConfigSet              
00002add  GPIOPinConfigure              
00002f41  GPIOPinRead                   
00002ec1  GPIOPinTypeGPIOInput          
00002e2b  GPIOPinTypeGPIOOutput         
00002ed3  GPIOPinTypeUART               
00002f47  GPIOPinWrite                  
00002c79  IntRegister                   
00002f17  ResetISR                      
00001d49  SysCtlClockGet                
00002169  SysCtlClockSet                
00002f4d  SysCtlDelay                   
00002cad  SysCtlPeripheralEnable        
00002e71  SysTickEnable                 
00002e85  SysTickIntEnable              
00002dbd  SysTickIntRegister            
00002ef9  SysTickPeriodSet              
00002f23  UARTCharGet                   
00002f2d  UARTCharPut                   
00002b6d  UARTConfigSetExpClk           
00002d9d  UARTDisable                   
00002e99  UARTEnable                    
20000670  __STACK_END                   
00000400  __STACK_SIZE                  
20000470  __STACK_TOP                   
00003198  __TI_CINIT_Base               
000031b0  __TI_CINIT_Limit              
00003178  __TI_Handler_Table_Base       
00003184  __TI_Handler_Table_Limit      
00002bb5  __TI_auto_init_nobinit_nopinit
00002825  __TI_decompress_lzss          
00002f09  __TI_decompress_none          
ffffffff  __TI_pprof_out_hndl           
0000026d  __TI_printfi                  
ffffffff  __TI_prof_data_size           
ffffffff  __TI_prof_data_start          
00000000  __TI_static_base__            
00002dd9  __TI_zero_init_nomemset       
00002631  __aeabi_cdcmpeq               
00002631  __aeabi_cdcmple               
000026b7  __aeabi_cdrcmple              
00002b25  __aeabi_d2iz                  
000016d3  __aeabi_dadd                  
000019bd  __aeabi_ddiv                  
0000206d  __aeabi_dmul                  
000016c9  __aeabi_dsub                  
00002f39  __aeabi_errno_addr            
00002d45  __aeabi_i2d                   
00000cbb  __aeabi_idiv0                 
00000cbb  __aeabi_ldiv0                 
0000273d  __aeabi_memclr                
0000273d  __aeabi_memclr4               
0000273d  __aeabi_memclr8               
00002471  __aeabi_memcpy                
00002471  __aeabi_memcpy4               
00002471  __aeabi_memcpy8               
0000273f  __aeabi_memset                
0000273f  __aeabi_memset4               
0000273f  __aeabi_memset8               
0000250d  __aeabi_uldivmod              
ffffffff  __binit__                     
ffffffff  __c_args__                    
UNDEFED   __mpu_init                    
20000270  __stack                       
00002ce1  _c_int00_noargs               
00002f5c  _ctypes_                      
UNDEFED   _system_post_cinit            
00002f53  _system_pre_init              
00002f57  abort                         
00002a45  atoi                          
ffffffff  binit                         
00001f8d  checkPushButton               
00002e11  copysign                      
00002e11  copysignl                     
20000794  errno                         
0000288d  frexp                         
0000288d  frexpl                        
20000000  g_pfnRAMVectors               
00000000  g_pfnVectors                  
00001e59  ldexp                         
00001e59  ldexpl                        
000023f7  ledInit                       
000023d5  ledInitForced                 
0000240b  ledTurnOnOff                  
00000fc7  lpInit                        
00002947  ltoa                          
00002001  main                          
00002df5  memccpy                       
00002471  memcpy                        
00002745  memset                        
000025d9  pbInit                        
000025a5  pbInitForced                  
000025ed  pbRead                        
00001e59  scalbn                        
00001e59  scalbnl                       
00000deb  schdCallback                  
00000e65  schdExecute                   
000029a5  seg7DigitUpdate               
2000078c  seg7Display                   
000012fd  seg7Init                      
00001489  seg7Update                    
00002a91  stopWatchIncrement            
00001f69  stopWatchUpdate               
00002e5b  strchr                        
00002ead  strlen                        
20000791  sysState                      
00000d4f  sysTimeGet                    
00000d55  sysTimeReached                
00000d7b  sysTimeWait                   
00000d9f  sysTimeWaitAbsolute           
000022a9  uartGetChar                   
0000225d  uartInit                      
00002297  uartPutChar                   
000022bb  uartPutString                 
000022e7  uprintf                       
00002bf9  vsnprintf                     
00000f69  waitMs                        
00000f99  waitUs                        
00002ee5  wcslen                        


GLOBAL SYMBOLS: SORTED BY Symbol Address 

address   name                          
-------   ----                          
00000000  __TI_static_base__            
00000000  g_pfnVectors                  
0000026d  __TI_printfi                  
00000400  __STACK_SIZE                  
00000cbb  __aeabi_idiv0                 
00000cbb  __aeabi_ldiv0                 
00000d4f  sysTimeGet                    
00000d55  sysTimeReached                
00000d7b  sysTimeWait                   
00000d9f  sysTimeWaitAbsolute           
00000deb  schdCallback                  
00000e65  schdExecute                   
00000f69  waitMs                        
00000f99  waitUs                        
00000fc7  lpInit                        
000012fd  seg7Init                      
00001489  seg7Update                    
000016c9  __aeabi_dsub                  
000016d3  __aeabi_dadd                  
000019bd  __aeabi_ddiv                  
00001af3  GPIOPadConfigSet              
00001d49  SysCtlClockGet                
00001e59  ldexp                         
00001e59  ldexpl                        
00001e59  scalbn                        
00001e59  scalbnl                       
00001f69  stopWatchUpdate               
00001f8d  checkPushButton               
00002001  main                          
0000206d  __aeabi_dmul                  
00002169  SysCtlClockSet                
0000225d  uartInit                      
00002297  uartPutChar                   
000022a9  uartGetChar                   
000022bb  uartPutString                 
000022e7  uprintf                       
000023d5  ledInitForced                 
000023f7  ledInit                       
0000240b  ledTurnOnOff                  
00002471  __aeabi_memcpy                
00002471  __aeabi_memcpy4               
00002471  __aeabi_memcpy8               
00002471  memcpy                        
0000250d  __aeabi_uldivmod              
000025a5  pbInitForced                  
000025d9  pbInit                        
000025ed  pbRead                        
00002631  __aeabi_cdcmpeq               
00002631  __aeabi_cdcmple               
000026b7  __aeabi_cdrcmple              
0000273d  __aeabi_memclr                
0000273d  __aeabi_memclr4               
0000273d  __aeabi_memclr8               
0000273f  __aeabi_memset                
0000273f  __aeabi_memset4               
0000273f  __aeabi_memset8               
00002745  memset                        
00002825  __TI_decompress_lzss          
0000288d  frexp                         
0000288d  frexpl                        
00002947  ltoa                          
000029a5  seg7DigitUpdate               
00002a45  atoi                          
00002a91  stopWatchIncrement            
00002add  GPIOPinConfigure              
00002b25  __aeabi_d2iz                  
00002b6d  UARTConfigSetExpClk           
00002bb5  __TI_auto_init_nobinit_nopinit
00002bf9  vsnprintf                     
00002c79  IntRegister                   
00002cad  SysCtlPeripheralEnable        
00002ce1  _c_int00_noargs               
00002d45  __aeabi_i2d                   
00002d73  GPIODirModeSet                
00002d9d  UARTDisable                   
00002dbd  SysTickIntRegister            
00002dd9  __TI_zero_init_nomemset       
00002df5  memccpy                       
00002e11  copysign                      
00002e11  copysignl                     
00002e2b  GPIOPinTypeGPIOOutput         
00002e5b  strchr                        
00002e71  SysTickEnable                 
00002e85  SysTickIntEnable              
00002e99  UARTEnable                    
00002ead  strlen                        
00002ec1  GPIOPinTypeGPIOInput          
00002ed3  GPIOPinTypeUART               
00002ee5  wcslen                        
00002ef9  SysTickPeriodSet              
00002f09  __TI_decompress_none          
00002f17  ResetISR                      
00002f23  UARTCharGet                   
00002f2d  UARTCharPut                   
00002f39  __aeabi_errno_addr            
00002f41  GPIOPinRead                   
00002f47  GPIOPinWrite                  
00002f4d  SysCtlDelay                   
00002f53  _system_pre_init              
00002f57  C$$EXIT                       
00002f57  abort                         
00002f5c  _ctypes_                      
00003178  __TI_Handler_Table_Base       
00003184  __TI_Handler_Table_Limit      
00003198  __TI_CINIT_Base               
000031b0  __TI_CINIT_Limit              
20000000  g_pfnRAMVectors               
20000270  __stack                       
20000470  __STACK_TOP                   
20000670  __STACK_END                   
2000078c  seg7Display                   
20000791  sysState                      
20000794  errno                         
ffffffff  __TI_pprof_out_hndl           
ffffffff  __TI_prof_data_size           
ffffffff  __TI_prof_data_start          
ffffffff  __binit__                     
ffffffff  __c_args__                    
ffffffff  binit                         
UNDEFED   __mpu_init                    
UNDEFED   _system_post_cinit            

[121 symbols]
